2023/08/09 13:57:38 bbenouarets (test:turborest) [INFO]: [200] GET https://reguse.net
